exports[`test it renders correctly 1`] = `
<View
  onMoveShouldSetResponder={[Function]}
  onMoveShouldSetResponderCapture={[Function]}
  onResponderEnd={[Function]}
  onResponderGrant={[Function]}
  onResponderMove={[Function]}
  onResponderReject={[Function]}
  onResponderRelease={[Function]}
  onResponderStart={[Function]}
  onResponderTerminate={[Function]}
  onResponderTerminationRequest={[Function]}
  onStartShouldSetResponder={[Function]}
  onStartShouldSetResponderCapture={[Function]}
  style={
    Object {
      "backgroundColor": "transparent",
      "flex": 1,
    }
  }>
  <View
    style={
      Object {
        "flex": 1,
      }
    }>
    <View />
  </View>
  <View
    style={
      Object {
        "backgroundColor": undefined,
        "bottom": 0,
        "left": 0,
        "position": "absolute",
        "top": 0,
        "transform": Array [
          Object {
            "translateX": -0,
          },
        ],
        "width": 0,
      }
    }>
    <View />
  </View>
</View>
`;
